===== LTCMA daily refresh Fri May 22 09:27:33 CST 2026 =====
[1/4] refreshing live public data (best-effort)
-- scripts/08_fetch_signals.py
  UST_1M           (DGS1MO        ) last=    3.65 @ 2026-05-20  n=6203
  UST_3M           (DGS3MO        ) last=    3.65 @ 2026-05-20  n=11179
  UST_6M           (DGS6MO        ) last=    3.75 @ 2026-05-20  n=11179
  UST_1Y           (DGS1          ) last=    3.79 @ 2026-05-20  n=16081
  UST_2Y           (DGS2          ) last=    4.04 @ 2026-05-20  n=12489
  UST_3Y           (DGS3          ) last=    4.11 @ 2026-05-20  n=16081
  UST_5Y           (DGS5          ) last=    4.22 @ 2026-05-20  n=16081
  UST_7Y           (DGS7          ) last=    4.39 @ 2026-05-20  n=14211
  UST_10Y          (DGS10         ) last=    4.57 @ 2026-05-20  n=16081
  UST_20Y          (DGS20         ) last=    5.10 @ 2026-05-20  n=14392
  UST_30Y          (DGS30         ) last=    5.11 @ 2026-05-20  n=12311
  FedFunds         (DFF           ) last=    3.62 @ 2026-05-20  n=26257
  Breakeven_10Y    (T10YIE        ) last=    2.39 @ 2026-05-21  n=5851
  Breakeven_5Y     (T5YIE         ) last=    2.57 @ 2026-05-21  n=5851
  Inflation_5y5y   (T5YIFR        ) last=    2.21 @ 2026-05-21  n=5851
  VIX              (VIXCLS        ) last=   16.76 @ 2026-05-21  n=9191
  HY_OAS           (BAMLH0A0HYM2  ) last=    2.78 @ 2026-05-21  n=786
  IG_OAS           (BAMLC0A0CM    ) last=    0.75 @ 2026-05-21  n=785
  EM_spread        (BAMLEMCBPIOAS ) last=    1.48 @ 2026-05-21  n=786
  Curve_10Y2Y      (T10Y2Y        ) last=    0.49 @ 2026-05-21  n=12490
  Curve_10Y3M      (T10Y3M        ) last=    0.89 @ 2026-05-21  n=11099
  EPU_US           (USEPUINDXM    ) last=  212.28 @ 2026-04-01  n=496
  EPU_Global       (GEPUCURRENT   ) last=  371.10 @ 2025-11-01  n=347
  USDMXN           (DEXMXUS       ) last=   17.36 @ 2026-05-15  n=8153

signals_fred.csv: 26258 rows, 24 cols

GPR downloaded from https://www.matteoiacoviello.com/gpr_files/data_gpr_export.xls
  sheets: ['Sheet1']
  columns: ['month', 'GPR', 'GPRT', 'GPRA', 'GPRH', 'GPRHT', 'GPRHA', 'SHARE_GPR', 'N10', 'SHARE_GPRH', 'N3H', 'GPRH_NOEW', 'GPR_NOEW', 'GPRH_AND']
-- scripts/09_priced_in.py
=== PRICED-IN POLICY-RATE PATH ===
Current fed funds (effective): 3.62%
Spot 1Y Treasury: 3.79%  ->  avg short rate priced over next 12m = 3.79% (+0.17% vs funds)
  fwd short rate 0.25-0.5 y:  3.85%
  fwd short rate  0.5-1   y:  3.83%
  fwd short rate    1-2   y:  4.29%
  fwd short rate    2-3   y:  4.25%
  fwd short rate    3-5   y:  4.39%
  fwd short rate    5-7   y:  4.82%
  fwd short rate    7-10  y:  4.99%
READ: NO cuts priced -- market sees the Fed at/near done; mild hike bias

=== PRICED-IN INFLATION ===
10y breakeven: 2.39%   5y breakeven: 2.57%   5y5y forward: 2.21%
LTCMA inflation assumption: 2.40%  ->  gap vs 10y breakeven: +0.01%

=== PRICED-IN RISK ===
VIX 16.8  (45th pctile of history) -> calm
HY OAS 2.78%  (12th pctile) -> spreads TIGHT, credit priced for perfection
EM spread 1.48%  (2th pctile)
Yield curve 10Y-3M: +0.89%  -> no recession signal
EPU (policy uncertainty): 212  (baseline ~100) -> ELEVATED

=== PRICED-IN vs LTCMA (saved priced_in.csv) ===

* Policy-rate path
    market : ~3.8% avg next 12m; 1-2y fwd 4.3%
    ltcma  : Cash ER 3.3% (assumes drift to ~3.0-3.3% neutral)
    read   : Market prices NO cuts; if right, near-term cash yields above the LTCMA path

* Long-run inflation
    market : 10y breakeven 2.39%, 5y5y 2.21%
    ltcma  : 2.40%
    read   : Aligned -- LTCMA sits mid-range of what's priced

* US credit risk
    market : HY OAS 2.78% (12th pctile, very tight)
    ltcma  : US HY ER 5.0% (tight-spread drag already applied)
    read   : Market prices near-zero default stress; LTCMA already cautious -- agreement

* Equity volatility
    market : VIX 16.8 (45th pctile)
    ltcma  : Equity vols 13-33%
    read   : Market calm; no near-term stress priced

* Recession
    market : Curve 10Y-3M +0.89% (positive)
    ltcma  : n/a
    read   : No recession priced in

* Policy uncertainty
    market : EPU 212 (elevated)
    ltcma  : n/a
    read   : High policy noise but low market vol -- complacency divergence
-- scripts/10_regimes.py
Window 2013-07-31..2026-04-30  (154 months)
Stress months: 52 (34%)  threshold score=0.05

=== REGIME MOMENTS (annualized) ===
asset               mean_calm  mean_strs  vol_calm  vol_strs   volx
US_LargeCap             14.5%      14.9%     12.0%     19.3%   1.61
EM_Eq                    4.7%      13.6%     15.1%     20.7%   1.37
Mexico_Eq               -0.8%      20.5%     19.5%     28.1%   1.44
DM_exUS_Eq               6.6%      12.9%     12.9%     19.0%   1.47
US_Treas_Long            3.7%      -2.4%     11.9%     15.7%   1.31
US_HighYield             4.6%       4.7%      4.9%     10.4%   2.12
Gold                     5.5%      21.9%     14.0%     17.1%   1.22
EM_USD_Sov               3.9%       4.8%      6.4%     13.8%   2.15

Avg equity cross-correlation  calm=0.66  stress=0.74
Transition matrix:  calm->calm 0.90  calm->stress 0.10
                  stress->calm 0.18  stress->stress 0.82
Stress persistence (avg stress spell): 5.7 months

GPR now: 231   EPU now: 212   current stress score: 2.02  -> STRESS regime
-- scripts/20_regime_tracker.py
Regime tracker built -> /home/carlos/LTCMA/docs/regime.html
  current regime: STRESS  composite stress +0.67σ
  months in current regime: 3
  stress-vol amplifier (S&P, vs calm): 2.65×
  components, window 2000-01-31..2026-05-31 (317 months)
[2/4] rebuilding site + AI copies
Carbon site built -> /home/carlos/LTCMA/docs  | regime=STRESS | as-of 22 May 2026
  index.html, report.html, style.css, figures/  (8 locked charts)
=== LTCMA 22 — AI copies ===
  /home/carlos/LTCMA/docs/report.ai.txt  (~2403 tokens, 11 sections, 15 tables)
Done.
[3/4] mirroring backup -> /mnt/c/Users/carlo/Documents/CarlosDuarteWebsite
[4/4] staging git commit
